2025-12-07 17:44:17 | INFO | strategy_wrapper | Training Regime Detector and Inner Strategy: TrendFollowingStrategy
2025-12-07 17:45:00 | INFO | strategy_wrapper | Training Regime Detector and Inner Strategy: TrendFollowingStrategy
2025-12-07 17:45:48 | INFO | strategy_wrapper | Training Regime Detector and Inner Strategy: TrendFollowingStrategy
2025-12-07 17:49:20 | INFO | strategy_wrapper | Training Regime Detector and Inner Strategy: TrendFollowingStrategy
2025-12-07 17:51:46 | INFO | strategy_wrapper | Training Regime Detector and Inner Strategy: TrendFollowingStrategy
2025-12-07 17:52:52 | INFO | strategy_wrapper | Training Regime Detector and Inner Strategy: TrendFollowingStrategy
2025-12-07 17:57:37 | INFO | strategy_wrapper | Training Regime Detector and Inner Strategy: MeanReversionStrategy
2025-12-07 17:58:23 | INFO | strategy_wrapper | Training Regime Detector and Inner Strategy: MeanReversionStrategy
2025-12-07 18:30:58 | INFO | strategy_wrapper | Training Regime Detector and Inner Strategy: MeanReversionStrategy
2025-12-07 18:31:35 | INFO | strategy_wrapper | Training Regime Detector and Inner Strategy: MeanReversionStrategy
2025-12-08 12:47:25 | INFO | strategy_wrapper | Training Regime Detector and Inner Strategy: MeanReversionStrategy
2025-12-10 14:59:13 | INFO | strategy_wrapper | Training Regime Detector and Inner Strategy: MeanReversionStrategy
2025-12-10 15:01:20 | INFO | strategy_wrapper | Training Regime Detector and Inner Strategy: MeanReversionStrategy
2025-12-10 15:04:25 | INFO | strategy_wrapper | Training Regime Detector and Inner Strategy: MeanReversionStrategy
2025-12-13 10:10:36 | INFO | strategy_wrapper | Training Regime Detector and Inner Strategy: MeanReversionStrategy
2025-12-27 11:11:16 | INFO | strategy_wrapper | Training Regime Detector and Inner Strategy: MeanReversionStrategy
2026-03-13 12:40:42 | INFO | strategy_wrapper | Training Regime Detector and Inner Strategy: MomentumStrategy
2026-03-13 12:58:08 | INFO | strategy_wrapper | Training Regime Detector and Inner Strategy: MeanReversionStrategy
2026-03-13 13:01:48 | INFO | strategy_wrapper | Training Regime Detector and Inner Strategy: BreakoutStrategy
2026-03-13 13:11:26 | INFO | strategy_wrapper | Training Regime Detector and Inner Strategy: MeanReversionStrategy
2026-03-13 13:11:29 | INFO | strategy_wrapper | Training Regime Detector and Inner Strategy: MeanReversionStrategy
2026-03-13 13:11:29 | INFO | strategy_wrapper | Training Regime Detector and Inner Strategy: MeanReversionStrategy
2026-03-13 13:11:31 | INFO | strategy_wrapper | Training Regime Detector and Inner Strategy: TrendFollowingStrategy
2026-03-13 13:11:32 | INFO | strategy_wrapper | Training Regime Detector and Inner Strategy: TrendFollowingStrategy
2026-03-13 13:11:32 | INFO | strategy_wrapper | Training Regime Detector and Inner Strategy: TrendFollowingStrategy
2026-03-13 13:11:34 | INFO | strategy_wrapper | Training Regime Detector and Inner Strategy: MomentumStrategy
2026-03-13 13:11:35 | INFO | strategy_wrapper | Training Regime Detector and Inner Strategy: MomentumStrategy
2026-03-13 13:11:36 | INFO | strategy_wrapper | Training Regime Detector and Inner Strategy: MomentumStrategy
2026-03-13 13:11:37 | INFO | strategy_wrapper | Training Regime Detector and Inner Strategy: BreakoutStrategy
2026-03-13 13:11:38 | INFO | strategy_wrapper | Training Regime Detector and Inner Strategy: BreakoutStrategy
2026-03-13 13:11:39 | INFO | strategy_wrapper | Training Regime Detector and Inner Strategy: BreakoutStrategy
2026-03-13 13:11:40 | INFO | strategy_wrapper | Training Regime Detector and Inner Strategy: MovingAverageCrossStrategy
2026-03-13 13:11:41 | INFO | strategy_wrapper | Training Regime Detector and Inner Strategy: MovingAverageCrossStrategy
2026-03-13 13:11:42 | INFO | strategy_wrapper | Training Regime Detector and Inner Strategy: MovingAverageCrossStrategy
2026-03-13 13:11:43 | INFO | strategy_wrapper | Training Regime Detector and Inner Strategy: VolatilityBreakoutStrategy
2026-03-13 13:11:44 | INFO | strategy_wrapper | Training Regime Detector and Inner Strategy: VolatilityBreakoutStrategy
2026-03-13 13:11:45 | INFO | strategy_wrapper | Training Regime Detector and Inner Strategy: VolatilityBreakoutStrategy
2026-03-13 13:11:48 | INFO | strategy_wrapper | Training Regime Detector and Inner Strategy: MeanReversionStrategy
2026-03-13 13:11:49 | INFO | strategy_wrapper | Training Regime Detector and Inner Strategy: MeanReversionStrategy
2026-03-13 13:11:49 | INFO | strategy_wrapper | Training Regime Detector and Inner Strategy: MeanReversionStrategy
2026-03-13 13:11:50 | INFO | strategy_wrapper | Training Regime Detector and Inner Strategy: TrendFollowingStrategy
2026-03-13 13:11:51 | INFO | strategy_wrapper | Training Regime Detector and Inner Strategy: TrendFollowingStrategy
2026-03-13 13:11:52 | INFO | strategy_wrapper | Training Regime Detector and Inner Strategy: TrendFollowingStrategy
2026-03-13 13:11:53 | INFO | strategy_wrapper | Training Regime Detector and Inner Strategy: MomentumStrategy
2026-03-13 13:11:54 | INFO | strategy_wrapper | Training Regime Detector and Inner Strategy: MomentumStrategy
2026-03-13 13:11:54 | INFO | strategy_wrapper | Training Regime Detector and Inner Strategy: MomentumStrategy
2026-03-13 13:11:55 | INFO | strategy_wrapper | Training Regime Detector and Inner Strategy: BreakoutStrategy
2026-03-13 13:11:56 | INFO | strategy_wrapper | Training Regime Detector and Inner Strategy: BreakoutStrategy
2026-03-13 13:11:57 | INFO | strategy_wrapper | Training Regime Detector and Inner Strategy: BreakoutStrategy
2026-03-13 13:11:58 | INFO | strategy_wrapper | Training Regime Detector and Inner Strategy: MovingAverageCrossStrategy
2026-03-13 13:11:59 | INFO | strategy_wrapper | Training Regime Detector and Inner Strategy: MovingAverageCrossStrategy
2026-03-13 13:11:59 | INFO | strategy_wrapper | Training Regime Detector and Inner Strategy: MovingAverageCrossStrategy
2026-03-13 13:12:00 | INFO | strategy_wrapper | Training Regime Detector and Inner Strategy: VolatilityBreakoutStrategy
2026-03-13 13:12:01 | INFO | strategy_wrapper | Training Regime Detector and Inner Strategy: VolatilityBreakoutStrategy
2026-03-13 13:12:02 | INFO | strategy_wrapper | Training Regime Detector and Inner Strategy: VolatilityBreakoutStrategy
2026-03-13 13:12:04 | INFO | strategy_wrapper | Training Regime Detector and Inner Strategy: MeanReversionStrategy
2026-03-13 13:12:04 | INFO | strategy_wrapper | Training Regime Detector and Inner Strategy: MeanReversionStrategy
2026-03-13 13:12:05 | INFO | strategy_wrapper | Training Regime Detector and Inner Strategy: MeanReversionStrategy
2026-03-13 13:12:06 | INFO | strategy_wrapper | Training Regime Detector and Inner Strategy: TrendFollowingStrategy
2026-03-13 13:12:06 | INFO | strategy_wrapper | Training Regime Detector and Inner Strategy: TrendFollowingStrategy
2026-03-13 13:12:07 | INFO | strategy_wrapper | Training Regime Detector and Inner Strategy: TrendFollowingStrategy
2026-03-13 13:12:08 | INFO | strategy_wrapper | Training Regime Detector and Inner Strategy: MomentumStrategy
2026-03-13 13:12:09 | INFO | strategy_wrapper | Training Regime Detector and Inner Strategy: MomentumStrategy
2026-03-13 13:12:09 | INFO | strategy_wrapper | Training Regime Detector and Inner Strategy: MomentumStrategy
2026-03-13 13:12:10 | INFO | strategy_wrapper | Training Regime Detector and Inner Strategy: BreakoutStrategy
2026-03-13 13:12:11 | INFO | strategy_wrapper | Training Regime Detector and Inner Strategy: BreakoutStrategy
2026-03-13 13:12:11 | INFO | strategy_wrapper | Training Regime Detector and Inner Strategy: BreakoutStrategy
2026-03-13 13:12:12 | INFO | strategy_wrapper | Training Regime Detector and Inner Strategy: MovingAverageCrossStrategy
2026-03-13 13:12:13 | INFO | strategy_wrapper | Training Regime Detector and Inner Strategy: MovingAverageCrossStrategy
2026-03-13 13:12:13 | INFO | strategy_wrapper | Training Regime Detector and Inner Strategy: MovingAverageCrossStrategy
2026-03-13 13:12:14 | INFO | strategy_wrapper | Training Regime Detector and Inner Strategy: VolatilityBreakoutStrategy
2026-03-13 13:12:15 | INFO | strategy_wrapper | Training Regime Detector and Inner Strategy: VolatilityBreakoutStrategy
2026-03-13 13:12:15 | INFO | strategy_wrapper | Training Regime Detector and Inner Strategy: VolatilityBreakoutStrategy
2026-03-13 13:12:17 | INFO | strategy_wrapper | Training Regime Detector and Inner Strategy: MeanReversionStrategy
2026-03-13 13:12:18 | INFO | strategy_wrapper | Training Regime Detector and Inner Strategy: MeanReversionStrategy
2026-03-13 13:12:19 | INFO | strategy_wrapper | Training Regime Detector and Inner Strategy: MeanReversionStrategy
2026-03-13 13:12:20 | INFO | strategy_wrapper | Training Regime Detector and Inner Strategy: TrendFollowingStrategy
2026-03-13 13:12:21 | INFO | strategy_wrapper | Training Regime Detector and Inner Strategy: TrendFollowingStrategy
2026-03-13 13:12:22 | INFO | strategy_wrapper | Training Regime Detector and Inner Strategy: TrendFollowingStrategy
2026-03-13 13:12:23 | INFO | strategy_wrapper | Training Regime Detector and Inner Strategy: MomentumStrategy
2026-03-13 13:12:24 | INFO | strategy_wrapper | Training Regime Detector and Inner Strategy: MomentumStrategy
2026-03-13 13:12:24 | INFO | strategy_wrapper | Training Regime Detector and Inner Strategy: MomentumStrategy
2026-03-13 13:12:26 | INFO | strategy_wrapper | Training Regime Detector and Inner Strategy: BreakoutStrategy
2026-03-13 13:12:26 | INFO | strategy_wrapper | Training Regime Detector and Inner Strategy: BreakoutStrategy
2026-03-13 13:12:27 | INFO | strategy_wrapper | Training Regime Detector and Inner Strategy: BreakoutStrategy
2026-03-13 13:12:28 | INFO | strategy_wrapper | Training Regime Detector and Inner Strategy: MovingAverageCrossStrategy
2026-03-13 13:12:29 | INFO | strategy_wrapper | Training Regime Detector and Inner Strategy: MovingAverageCrossStrategy
2026-03-13 13:12:30 | INFO | strategy_wrapper | Training Regime Detector and Inner Strategy: MovingAverageCrossStrategy
2026-03-13 13:12:31 | INFO | strategy_wrapper | Training Regime Detector and Inner Strategy: VolatilityBreakoutStrategy
2026-03-13 13:12:32 | INFO | strategy_wrapper | Training Regime Detector and Inner Strategy: VolatilityBreakoutStrategy
2026-03-13 13:12:33 | INFO | strategy_wrapper | Training Regime Detector and Inner Strategy: VolatilityBreakoutStrategy
2026-03-13 13:15:09 | INFO | strategy_wrapper | Training Regime Detector and Inner Strategy: MovingAverageCrossStrategy
2026-03-13 13:15:53 | INFO | strategy_wrapper | Training Regime Detector and Inner Strategy: MeanReversionStrategy
2026-03-13 13:16:20 | INFO | strategy_wrapper | Training Regime Detector and Inner Strategy: MomentumStrategy
2026-03-13 13:17:24 | INFO | strategy_wrapper | Training Regime Detector and Inner Strategy: MomentumStrategy
2026-03-13 13:17:33 | INFO | strategy_wrapper | Training Regime Detector and Inner Strategy: MomentumStrategy
2026-03-13 13:17:45 | INFO | strategy_wrapper | Training Regime Detector and Inner Strategy: TrendFollowingStrategy
2026-03-13 13:35:11 | INFO | strategy_wrapper | Training Regime Detector and Inner Strategy: MeanReversionStrategy
2026-03-13 13:37:31 | INFO | strategy_wrapper | Training Regime Detector and Inner Strategy: MeanReversionStrategy
2026-03-13 13:37:34 | INFO | strategy_wrapper | Training Regime Detector and Inner Strategy: MeanReversionStrategy
2026-03-13 13:37:35 | INFO | strategy_wrapper | Training Regime Detector and Inner Strategy: MeanReversionStrategy
2026-03-13 13:37:36 | INFO | strategy_wrapper | Training Regime Detector and Inner Strategy: TrendFollowingStrategy
2026-03-13 13:37:37 | INFO | strategy_wrapper | Training Regime Detector and Inner Strategy: TrendFollowingStrategy
2026-03-13 13:37:38 | INFO | strategy_wrapper | Training Regime Detector and Inner Strategy: TrendFollowingStrategy
2026-03-13 13:37:39 | INFO | strategy_wrapper | Training Regime Detector and Inner Strategy: MomentumStrategy
2026-03-13 13:37:40 | INFO | strategy_wrapper | Training Regime Detector and Inner Strategy: MomentumStrategy
2026-03-13 13:37:41 | INFO | strategy_wrapper | Training Regime Detector and Inner Strategy: MomentumStrategy
2026-03-13 13:37:42 | INFO | strategy_wrapper | Training Regime Detector and Inner Strategy: BreakoutStrategy
2026-03-13 13:37:43 | INFO | strategy_wrapper | Training Regime Detector and Inner Strategy: BreakoutStrategy
2026-03-13 13:37:44 | INFO | strategy_wrapper | Training Regime Detector and Inner Strategy: BreakoutStrategy
2026-03-13 13:37:45 | INFO | strategy_wrapper | Training Regime Detector and Inner Strategy: MovingAverageCrossStrategy
2026-03-13 13:37:46 | INFO | strategy_wrapper | Training Regime Detector and Inner Strategy: MovingAverageCrossStrategy
2026-03-13 13:37:47 | INFO | strategy_wrapper | Training Regime Detector and Inner Strategy: MovingAverageCrossStrategy
2026-03-13 13:37:48 | INFO | strategy_wrapper | Training Regime Detector and Inner Strategy: VolatilityBreakoutStrategy
2026-03-13 13:37:49 | INFO | strategy_wrapper | Training Regime Detector and Inner Strategy: VolatilityBreakoutStrategy
2026-03-13 13:37:50 | INFO | strategy_wrapper | Training Regime Detector and Inner Strategy: VolatilityBreakoutStrategy
2026-03-13 13:37:51 | INFO | strategy_wrapper | Training Regime Detector and Inner Strategy: MeanReversionStrategy
2026-03-13 13:37:52 | INFO | strategy_wrapper | Training Regime Detector and Inner Strategy: MeanReversionStrategy
2026-03-13 13:37:53 | INFO | strategy_wrapper | Training Regime Detector and Inner Strategy: MeanReversionStrategy
2026-03-13 13:37:54 | INFO | strategy_wrapper | Training Regime Detector and Inner Strategy: TrendFollowingStrategy
2026-03-13 13:37:54 | INFO | strategy_wrapper | Training Regime Detector and Inner Strategy: TrendFollowingStrategy
2026-03-13 13:37:55 | INFO | strategy_wrapper | Training Regime Detector and Inner Strategy: TrendFollowingStrategy
2026-03-13 13:37:56 | INFO | strategy_wrapper | Training Regime Detector and Inner Strategy: MomentumStrategy
2026-03-13 13:37:57 | INFO | strategy_wrapper | Training Regime Detector and Inner Strategy: MomentumStrategy
2026-03-13 13:37:58 | INFO | strategy_wrapper | Training Regime Detector and Inner Strategy: MomentumStrategy
2026-03-13 13:37:59 | INFO | strategy_wrapper | Training Regime Detector and Inner Strategy: BreakoutStrategy
2026-03-13 13:38:00 | INFO | strategy_wrapper | Training Regime Detector and Inner Strategy: BreakoutStrategy
2026-03-13 13:38:01 | INFO | strategy_wrapper | Training Regime Detector and Inner Strategy: BreakoutStrategy
2026-03-13 13:38:02 | INFO | strategy_wrapper | Training Regime Detector and Inner Strategy: MovingAverageCrossStrategy
2026-03-13 13:38:02 | INFO | strategy_wrapper | Training Regime Detector and Inner Strategy: MovingAverageCrossStrategy
2026-03-13 13:38:03 | INFO | strategy_wrapper | Training Regime Detector and Inner Strategy: MovingAverageCrossStrategy
2026-03-13 13:38:04 | INFO | strategy_wrapper | Training Regime Detector and Inner Strategy: VolatilityBreakoutStrategy
2026-03-13 13:38:05 | INFO | strategy_wrapper | Training Regime Detector and Inner Strategy: VolatilityBreakoutStrategy
2026-03-13 13:38:06 | INFO | strategy_wrapper | Training Regime Detector and Inner Strategy: VolatilityBreakoutStrategy
2026-03-13 13:38:07 | INFO | strategy_wrapper | Training Regime Detector and Inner Strategy: MeanReversionStrategy
2026-03-13 13:38:07 | INFO | strategy_wrapper | Training Regime Detector and Inner Strategy: MeanReversionStrategy
2026-03-13 13:38:08 | INFO | strategy_wrapper | Training Regime Detector and Inner Strategy: MeanReversionStrategy
2026-03-13 13:38:09 | INFO | strategy_wrapper | Training Regime Detector and Inner Strategy: TrendFollowingStrategy
2026-03-13 13:38:09 | INFO | strategy_wrapper | Training Regime Detector and Inner Strategy: TrendFollowingStrategy
2026-03-13 13:38:10 | INFO | strategy_wrapper | Training Regime Detector and Inner Strategy: TrendFollowingStrategy
2026-03-13 13:38:11 | INFO | strategy_wrapper | Training Regime Detector and Inner Strategy: MomentumStrategy
2026-03-13 13:38:11 | INFO | strategy_wrapper | Training Regime Detector and Inner Strategy: MomentumStrategy
2026-03-13 13:38:12 | INFO | strategy_wrapper | Training Regime Detector and Inner Strategy: MomentumStrategy
2026-03-13 13:38:13 | INFO | strategy_wrapper | Training Regime Detector and Inner Strategy: BreakoutStrategy
2026-03-13 13:38:13 | INFO | strategy_wrapper | Training Regime Detector and Inner Strategy: BreakoutStrategy
2026-03-13 13:38:14 | INFO | strategy_wrapper | Training Regime Detector and Inner Strategy: BreakoutStrategy
2026-03-13 13:38:15 | INFO | strategy_wrapper | Training Regime Detector and Inner Strategy: MovingAverageCrossStrategy
2026-03-13 13:38:16 | INFO | strategy_wrapper | Training Regime Detector and Inner Strategy: MovingAverageCrossStrategy
2026-03-13 13:38:17 | INFO | strategy_wrapper | Training Regime Detector and Inner Strategy: MovingAverageCrossStrategy
2026-03-13 13:38:17 | INFO | strategy_wrapper | Training Regime Detector and Inner Strategy: VolatilityBreakoutStrategy
2026-03-13 13:38:18 | INFO | strategy_wrapper | Training Regime Detector and Inner Strategy: VolatilityBreakoutStrategy
2026-03-13 13:38:19 | INFO | strategy_wrapper | Training Regime Detector and Inner Strategy: VolatilityBreakoutStrategy
2026-03-13 13:38:20 | INFO | strategy_wrapper | Training Regime Detector and Inner Strategy: MeanReversionStrategy
2026-03-13 13:38:20 | INFO | strategy_wrapper | Training Regime Detector and Inner Strategy: MeanReversionStrategy
2026-03-13 13:38:21 | INFO | strategy_wrapper | Training Regime Detector and Inner Strategy: MeanReversionStrategy
2026-03-13 13:38:22 | INFO | strategy_wrapper | Training Regime Detector and Inner Strategy: TrendFollowingStrategy
2026-03-13 13:38:23 | INFO | strategy_wrapper | Training Regime Detector and Inner Strategy: TrendFollowingStrategy
2026-03-13 13:38:24 | INFO | strategy_wrapper | Training Regime Detector and Inner Strategy: TrendFollowingStrategy
2026-03-13 13:38:25 | INFO | strategy_wrapper | Training Regime Detector and Inner Strategy: MomentumStrategy
2026-03-13 13:38:26 | INFO | strategy_wrapper | Training Regime Detector and Inner Strategy: MomentumStrategy
2026-03-13 13:38:27 | INFO | strategy_wrapper | Training Regime Detector and Inner Strategy: MomentumStrategy
